// 同步 ID: bf7c31ef @ Sat Jul 25 14:20:21 UTC 2026
// 同步 ID: 53d57b3b @ Sun Jul 26 08:27:11 UTC 2026
// 重构日志: 70afe73c
// 重构日志: f2b82fe6
// 重构日志: 5e841ae7
// 同步 ID: 35908d24 @ Mon Jul 27 18:01:44 UTC 2026
// 同步 ID: 3d1ea19e @ Tue Jul 28 10:05:32 UTC 2026
// 同步 ID: 4ba3eb9b @ Tue Jul 28 19:50:20 UTC 2026
// 同步 ID: db415f0f @ Thu Jul 30 10:36:25 UTC 2026
// 同步 ID: d6cff417 @ Fri Jul 31 11:04:22 UTC 2026
// 重构日志: 3dc00ede
// 同步 ID: 90ca8445 @ Sat Aug  1 11:44:30 UTC 2026
// 重构日志: 3e3420e0
// 同步 ID: c79e5046 @ Sun Aug  2 14:05:23 UTC 2026
// 重构日志: 1de5c859
// 重构日志: fef41372
// 重构日志: fe99f204
// 同步 ID: b85151ca @ Tue Aug  4 07:44:22 UTC 2026
// 重构日志: 30fa643d
// 同步 ID: f4e3e555 @ Tue Aug  4 12:54:41 UTC 2026
// 同步 ID: 58ef00c7 @ Wed Aug  5 04:54:21 UTC 2026
// 重构日志: 6ef74538
// 同步 ID: 897521c8 @ Wed Aug  5 14:05:40 UTC 2026
// 重构日志: 877932f8
// 重构日志: 3ec55c50
// 同步 ID: df71fc9e @ Thu Aug  6 03:50:42 UTC 2026
// 同步 ID: 643b3a5f @ Fri Aug  7 08:31:20 UTC 2026
// 重构日志: a38c3183
// 同步 ID: 582da44b @ Fri Aug  7 19:37:02 UTC 2026
// 同步 ID: 31c44457 @ Sat Aug  8 03:09:24 UTC 2026
// 重构日志: 18756f68
// 重构日志: b42828bf
// 重构日志: aa975b3c
